Current directory: /data/myblog
total 884
drwxrwxr-x 21 ops ops   4096 Mar 20 16:57 .
drwxr-xr-x 13 ops ops   4096 Mar  4 12:39 ..
-rw-rw-r--  1 ops ops    949 Mar  3 22:51 add_admin_role.py
drwxrwxr-x 16 ops ops   4096 Mar 19 15:02 app
-rw-r--r--  1 ops ops  16384 Feb 27 18:30 app.db
-rw-r--r--  1 ops ops      7 Mar 20 16:56 app.pid
-rw-rw-r--  1 ops ops   6408 Mar 20 14:55 archive_fix.py
-rw-rw-r--  1 ops ops  15237 Mar 20 13:40 archive.html
-rw-rw-r--  1 ops ops   3192 Mar 20 15:04 archive_test_results.txt
-rw-rw-r--  1 ops ops    592 Mar 16 16:20 change_password.py
-rw-rw-r--  1 ops ops   4175 Mar 20 14:53 check_app.py
-rw-rw-r--  1 ops ops    161 Mar  8 14:29 check_comments.py
-rw-rw-r--  1 ops ops   1019 Mar 15 20:29 check_disabled_user.py
-rw-rw-r--  1 ops ops    702 Mar 17 22:12 check_stats.py
-rw-rw-r--  1 ops ops    477 Mar  5 15:31 check_tags.py
-rw-rw-r--  1 ops ops   1743 Mar 16 12:40 check_user.py
-rw-rw-r--  1 ops ops    465 Mar  5 15:32 clean_tags.py
-rw-rw-r--  1 ops ops    681 Mar 20 13:17 clear_cache.py
-rw-rw-r--  1 ops ops   2180 Mar 20 15:54 cli_archive.py
-rw-rw-r--  1 ops ops   1762 Mar 19 12:36 comment_test.py
-rw-rw-r--  1 ops ops   5675 Mar 16 17:31 config.py
-rw-rw-r--  1 ops ops    228 Mar  9 17:34 cookies.txt
-rw-r--r--  1 ops ops  53248 Feb 16 17:57 .coverage
-rw-rw-r--  1 ops ops   3510 Mar 16 16:45 create_admin.py
-rw-rw-r--  1 ops ops   2188 Mar 20 13:52 create_archived_post.py
-rw-rw-r--  1 ops ops   1139 Mar 17 19:12 create_settings.py
-rw-rw-r--  1 ops ops    171 Feb 25 14:07 create_tables.py
drwxrwxr-x  3 ops ops   4096 Mar 13 11:06 .cursor
-rw-r--r--  1 ops ops  73728 Feb 23 21:19 data-test.sqlite
drwxrwxr-x  2 ops ops   4096 Mar 20 16:17 debug
-rw-rw-r--  1 ops ops   1801 Mar 20 13:20 debug_archive.py
-rw-rw-r--  1 ops ops   3176 Mar 20 16:25 debug_output.txt
-rw-rw-r--  1 ops ops    843 Mar 20 16:28 debug_server.py
-rw-rw-r--  1 ops ops   2360 Mar 20 16:25 debug_view.py
drwxrwxr-x  3 ops ops   4096 Feb 24 13:51 dev_uploads
-rw-rw-r--  1 ops ops   4908 Mar 20 13:53 diagnose_archive.py
-rw-rw-r--  1 ops ops   4183 Mar 20 15:39 direct_archive_view.py
drwxrwxr-x  5 ops ops   4096 Feb 16 13:25 docs
-rw-rw-r--  1 ops ops     94 Mar 16 17:31 .env
-rwxrwxr-x  1 ops ops  10471 Mar 20 13:59 fix_all_archive_issues.py
-rw-rw-r--  1 ops ops   3746 Mar 20 15:17 fix_all_statuses.py
-rw-rw-r--  1 ops ops   8248 Mar 20 15:09 fix_archive_final.py
-rw-rw-r--  1 ops ops    660 Mar 20 15:09 fix_archive_log.txt
-rw-rw-r--  1 ops ops   3291 Mar 20 14:51 fix_archive.py
-rw-rw-r--  1 ops ops      1 Mar 19 15:08 fix_comments.py
-rw-rw-r--  1 ops ops    701 Mar 15 20:31 fix_disabled_user.py
-rw-rw-r--  1 ops ops      1 Mar 20 14:27 fix_quick.py
-rw-rw-r--  1 ops ops   6455 Mar 20 15:24 generate_archive_html.py
drwxrwxr-x  8 ops ops   4096 Mar  6 21:01 .git
-rw-rw-r--  1 ops ops    561 Mar  4 19:35 .gitignore
drwxrwxr-x  2 ops ops   4096 Feb 16 15:52 htmlcov
-rw-rw-r--  1 ops ops   1884 Mar  5 15:17 init_data.py
-rw-rw-r--  1 ops ops   3830 Mar  4 23:03 init_db.py
drwxrwxrwx  6 ops ops   4096 Mar 20 16:06 instance
drwxrwxrwx  2 ops ops   4096 Mar 12 21:38 logs
-rwxrwxr-x  1 ops ops   3195 Feb 17 11:07 manage.py
-rwxrwxr-x  1 ops ops   4264 Mar  2 17:52 manage.sh
drwxrwxr-x  4 ops ops   4096 Mar 10 16:44 migrations
drwxrwxr-x  2 ops ops   4096 Feb 17 21:03 myblog.egg-info
-rw-------  1 ops ops   3230 Mar 19 15:09 nohup.out
drwxrwxr-x  2 ops ops   4096 Mar 19 15:09 __pycache__
drwxrwxr-x  3 ops ops   4096 Feb 16 15:00 .pytest_cache
-rw-rw-r--  1 ops ops    883 Mar 17 21:50 query_db.py
-rw-rw-r--  1 ops ops    308 Feb 16 10:56 requirements-dev.txt
-rw-rw-r--  1 ops ops    717 Mar  7 11:12 requirements.txt
-rwxrwxr-x  1 ops ops    190 Mar 20 16:19 run_app.py
-rw-rw-r--  1 ops ops    338 Feb 16 11:42 run.py
drwxrwxr-x  2 ops ops   4096 Mar  9 19:12 scripts
drwxrwxr-x  2 ops ops   4096 Mar  9 21:15 sessions
-rw-rw-r--  1 ops ops    433 Feb 17 21:03 setup.py
-rw-rw-r--  1 ops ops   1844 Mar 20 15:24 simple_archive.py
-rw-rw-r--  1 ops ops    955 Mar 20 14:29 simple_fix.py
-rw-rw-r--  1 ops ops   1194 Mar  1 13:41 tags.sql
-rw-rw-r--  1 ops ops   1666 Mar 15 17:42 test_api.py
-rw-rw-r--  1 ops ops   3534 Mar 20 15:02 test_archive_directly.py
-rw-rw-r--  1 ops ops   4119 Mar 20 15:04 test_archive_file.py
-rw-rw-r--  1 ops ops   1269 Mar 15 18:00 test_db_direct.py
-rw-rw-r--  1 ops ops    785 Mar 15 17:32 test_db.py
-rw-rw-r--  1 ops ops      1 Mar 20 16:57 test_dir.py
-rw-rw-r--  1 ops ops     14 Feb 19 14:59 test_file_0.txt
-rw-rw-r--  1 ops ops     14 Feb 19 14:59 test_file_1.txt
-rw-rw-r--  1 ops ops     14 Feb 19 14:59 test_file_2.txt
-rw-rw-r--  1 ops ops     14 Feb 19 14:59 test_file_3.txt
-rw-rw-r--  1 ops ops     14 Feb 19 14:59 test_file_4.txt
-rw-rw-r--  1 ops ops 172744 Mar 14 22:26 test_login_output_new.txt
-rw-rw-r--  1 ops ops  56370 Mar 14 22:12 test_login_output.txt
-rw-rw-r--  1 ops ops    993 Mar 15 17:55 test_no_db_client.py
-rw-rw-r--  1 ops ops    387 Mar 15 17:53 test_no_db.py
-rw-rw-r--  1 ops ops  20596 Mar 14 22:35 test_output_all_new.txt
-rw-rw-r--  1 ops ops  27873 Mar 14 22:18 test_output_all.txt
-rw-rw-r--  1 ops ops     32 Mar 20 16:57 test_output.txt
-rw-rw-r--  1 ops ops  20596 Mar 14 23:17 test_results.txt
drwxrwxr-x 11 ops ops   4096 Mar 19 17:20 tests
-rw-rw-r--  1 ops ops    742 Mar 15 17:46 test_simple.py
-rw-rw-r--  1 ops ops   1399 Mar 10 15:07 test_upload.py
-rw-rw-r--  1 ops ops   3765 Mar 20 15:11 update_post_status.py
drwxrwxr-x  6 ops ops   4096 Feb 17 15:50 venv
drwxrwxr-x  2 ops ops   4096 Mar  9 12:27 .vscode
drwxrwxr-x  2 ops ops   4096 Mar 12 18:36 whooshee
-rw-rw-r--  1 ops ops   1862 Mar 19 15:10 wsgi.py
-rw-------  1 ops ops    411 Feb 16 11:08 yes
-rw-r--r--  1 ops ops    102 Feb 16 11:08 yes.pub
